error: either "dispatch" or "expr" attributes are expected
  --> tests/ui/substrate/implementation/fail_weight_without_dispatch.rs:19:12
   |
19 |     #[obce(weight())]
   |            ^^^^^^^^
