error: dispatch path should contain at least three segments
  --> tests/ui/substrate/implementation/fail_incorrect_weight_path.rs:18:19
   |
18 |     #[obce(weight(dispatch = "test_method"))]
   |                   ^^^^^^^^
