error: found duplicated method identifier: 123
 --> tests/ui/substrate/definition/fail_duplicated_ids.rs:2:1
  |
2 | / pub trait Trait {
3 | |     #[obce(id = 123)]
4 | |     fn extension_method(&self);
5 | |
6 | |     #[obce(id = 123)]
7 | |     fn another_extension_method(&self);
8 | | }
  | |_^
