error: default implementation is not supported in chain extensions
 --> tests/ui/substrate/definition/fail_default_method.rs:3:32
  |
3 |       fn default_method() -> u32 {
  |  ________________________________^
4 | |         123
5 | |     }
  | |_____^
